\BOOKMARK [1][-]{section.1}{\376\377\137\025\212\000\000:\000\040\221\317\133\120\173\227\154\325\123\237\213\355}{}% 1
\BOOKMARK [1][-]{section.2}{\376\377\221\317\133\120\120\205\221\314\123\366\123\330\143\142\000\040\000\050\000Q\000F\000T\000\051}{}% 2
\BOOKMARK [2][-]{subsection.2.1}{\376\377\133\232\116\111\116\016\127\372\147\054\140\047\215\050}{section.2}% 3
\BOOKMARK [2][-]{subsection.2.2}{\376\377\116\214\217\333\122\066\122\006\211\343\116\016\137\040\221\317\171\357\176\323\147\204}{section.2}% 4
\BOOKMARK [2][-]{subsection.2.3}{\376\377\165\065\215\357\133\236\163\260}{section.2}% 5
\BOOKMARK [2][-]{subsection.2.4}{\376\377\116\016\176\317\121\170\000\040\000D\000F\000T\000/\000F\000F\000T\000\040\166\204\133\371\153\324}{section.2}% 6
\BOOKMARK [1][-]{section.3}{\376\377\221\317\133\120\166\370\117\115\117\060\213\241\000\040\000\050\000Q\000P\000E\000\051}{}% 7
\BOOKMARK [2][-]{subsection.3.1}{\376\377\225\356\230\230\213\276\133\232\116\016\000\040\000H\000a\000d\000a\000m\000a\000r\000d\000\040\150\300\232\214}{section.3}% 8
\BOOKMARK [2][-]{subsection.3.2}{\376\377\123\327\143\247\000\040\000U\0002\000j\000\040\116\016\116\214\217\333\122\066\122\006\211\343}{section.3}% 9
\BOOKMARK [2][-]{subsection.3.3}{\376\377\000Q\000F\000T\000\040\127\372\000\040\000Q\000P\000E\000\040\165\065\215\357}{section.3}% 10
\BOOKMARK [2][-]{subsection.3.4}{\376\377\213\357\135\356\122\006\147\220}{section.3}% 11
\BOOKMARK [2][-]{subsection.3.5}{\376\377\136\224\165\050\000:\000\040\143\057\136\105\117\060\213\241}{section.3}% 12
\BOOKMARK [2][-]{subsection.3.6}{\376\377\162\171\137\201\120\074\123\330\143\142\116\016\167\351\226\065\121\375\145\160}{section.3}% 13
\BOOKMARK [1][-]{section.4}{\376\377\143\057\136\105\145\076\131\047\000\040\000\050\000A\000A\000\051\060\001\147\000\117\030\143\057\136\105\145\076\131\047\116\016\227\136\141\037\167\345\143\057\136\105\145\076\131\047\000\040\000\050\000O\000A\000A\000\051}{}% 14
\BOOKMARK [2][-]{subsection.4.1}{\376\377\000G\000r\000o\000v\000e\000r\000\040\144\034\175\042\000:\000\040\143\057\136\105\145\076\131\047\166\204\123\237\127\213}{section.4}% 15
\BOOKMARK [2][-]{subsection.4.2}{\376\377\143\057\136\105\145\076\131\047}{section.4}% 16
\BOOKMARK [2][-]{subsection.4.3}{\376\377\147\000\117\030\143\057\136\105\145\076\131\047\000\040\000\050\000o\000p\000t\000i\000m\000a\000l\000\040\000a\000m\000p\000l\000i\000t\000u\000d\000e\000\040\000a\000m\000p\000l\000i\000f\000i\000c\000a\000t\000i\000o\000n\000\051}{section.4}% 17
\BOOKMARK [2][-]{subsection.4.4}{\376\377\227\136\141\037\167\345\143\057\136\105\145\076\131\047\000\040\000\050\000O\000b\000l\000i\000v\000i\000o\000u\000s\000\040\000a\000m\000p\000l\000i\000t\000u\000d\000e\000\040\000a\000m\000p\000l\000i\000f\000i\000c\000a\000t\000i\000o\000n\000,\000\040\000O\000A\000A\000\051}{section.4}% 18
\BOOKMARK [2][-]{subsection.4.5}{\376\377\143\057\136\105\145\076\131\047\166\204\136\224\165\050}{section.4}% 19
\BOOKMARK [1][-]{section.5}{\376\377\000L\000i\000e\040\023\000T\000r\000o\000t\000t\000e\000r\000\040\116\016\124\310\133\306\230\177\221\317\152\041\142\337}{}% 20
\BOOKMARK [2][-]{subsection.5.1}{\376\377\225\356\230\230\213\276\133\232}{section.5}% 21
\BOOKMARK [2][-]{subsection.5.2}{\376\377\000L\000i\000e\000\040\116\130\171\357\121\154\137\017\116\016\116\000\226\066\000\040\000T\000r\000o\000t\000t\000e\000r}{section.5}% 22
\BOOKMARK [2][-]{subsection.5.3}{\376\377\116\244\143\142\133\120\127\213\213\357\135\356\165\114}{section.5}% 23
\BOOKMARK [2][-]{subsection.5.4}{\376\377\133\371\171\360\122\006\210\302\116\016\232\330\226\066\000\040\000S\000u\000z\000u\000k\000i\000\040\121\154\137\017}{section.5}% 24
\BOOKMARK [2][-]{subsection.5.5}{\376\377\134\100\220\350\157\024\123\026\166\204\133\236\163\260\116\016\116\244\143\142\140\305\137\142}{section.5}% 25
