\BOOKMARK [1][-]{section.1}{\376\377\137\025\212\000\000:\000\040\116\316\176\277\140\047\116\343\145\160\122\060\137\256\122\006\145\271\172\013}{}% 1
\BOOKMARK [1][-]{section.2}{\376\377\000H\000H\000L\000\040\173\227\154\325\000:\000\040\154\102\211\343\176\277\140\047\145\271\172\013\176\304}{}% 2
\BOOKMARK [2][-]{subsection.2.1}{\376\377\225\356\230\230\213\276\133\232}{section.2}% 3
\BOOKMARK [2][-]{subsection.2.2}{\376\377\173\227\154\325\143\317\217\360}{section.2}% 4
\BOOKMARK [2][-]{subsection.2.3}{\376\377\123\327\143\247\145\313\217\154\166\204\133\236\163\260}{section.2}% 5
\BOOKMARK [2][-]{subsection.2.4}{\376\377\131\015\147\102\136\246\122\006\147\220}{section.2}% 6
\BOOKMARK [2][-]{subsection.2.5}{\376\377\000H\000H\000L\000\040\166\204\163\260\116\343\146\377\116\343\000:\000\040\000Q\000S\000V\000T\000-\000H\000H\000L}{section.2}% 7
\BOOKMARK [1][-]{section.3}{\376\377\136\070\165\050\124\310\133\306\230\177\221\317\152\041\142\337\145\271\154\325\176\374\217\360}{}% 8
\BOOKMARK [2][-]{subsection.3.1}{\376\377\225\356\230\230\116\016\217\223\121\145\152\041\127\213}{section.3}% 9
\BOOKMARK [2][-]{subsection.3.2}{\376\377\000T\000r\000o\000t\000t\000e\000r\000/\000S\000u\000z\000u\000k\000i\000\040\116\130\171\357\121\154\137\017}{section.3}% 10
\BOOKMARK [2][-]{subsection.3.3}{\376\377\000T\000a\000y\000l\000o\000r\000\040\176\247\145\160\154\325\116\016\000\040\000L\000C\000U}{section.3}% 11
\BOOKMARK [2][-]{subsection.3.4}{\376\377\000Q\000u\000b\000i\000t\000i\000z\000a\000t\000i\000o\000n\000\040\116\016\000\040\000Q\000S\000V\000T\000\040\145\271\154\325}{section.3}% 12
\BOOKMARK [2][-]{subsection.3.5}{\376\377\133\371\153\324\116\016\220\011\142\351}{section.3}% 13
\BOOKMARK [1][-]{section.4}{\376\377\205\233\133\232\214\024\123\026\145\271\154\325}{}% 14
\BOOKMARK [2][-]{subsection.4.1}{\376\377\122\250\147\072\000:\000\040\000P\000D\000E\000\040\166\204\221\317\133\120\152\041\142\337}{section.4}% 15
\BOOKMARK [2][-]{subsection.4.2}{\376\377\000W\000a\000r\000p\000e\000d\000\040\000p\000h\000a\000s\000e\000\040\000t\000r\000a\000n\000s\000f\000o\000r\000m\000a\000t\000i\000o\000n\000:\000\040\123\112\153\143\133\232\140\305\137\142}{section.4}% 16
\BOOKMARK [2][-]{subsection.4.3}{\376\377\116\000\202\054\176\277\140\047\174\373\176\337}{section.4}% 17
\BOOKMARK [2][-]{subsection.4.4}{\376\377\140\142\131\015\133\232\164\006\116\016\140\142\131\015\123\072\225\364}{section.4}% 18
\BOOKMARK [2][-]{subsection.4.5}{\376\377\205\233\133\232\214\024\123\026\166\204\116\224\153\145\155\101\172\013}{section.4}% 19
\BOOKMARK [2][-]{subsection.4.6}{\376\377\117\213\133\120\000:\000\040\160\355\145\271\172\013}{section.4}% 20
\BOOKMARK [2][-]{subsection.4.7}{\376\377\117\213\133\120\000:\000\040\133\371\155\101\145\271\172\013\116\016\217\316\230\316\150\074\137\017}{section.4}% 21
\BOOKMARK [2][-]{subsection.4.8}{\376\377\000S\000m\000o\000o\000t\000h\000\040\000i\000n\000i\000t\000i\000a\000l\000i\000z\000a\000t\000i\000o\000n\000\040\116\016\147\000\117\030\174\276\136\246\117\235\215\126}{section.4}% 22
\BOOKMARK [2][-]{subsection.4.9}{\376\377\136\046\156\220\230\171\116\016\145\366\225\364\117\235\215\126\174\373\176\337}{section.4}% 23
\BOOKMARK [2][-]{subsection.4.10}{\376\377\131\015\147\102\136\246\116\016\221\317\133\120\117\030\122\277}{section.4}% 24
\BOOKMARK [1][-]{section.5}{\376\377\221\111\123\026\145\271\154\325\145\317\000:\000\040\205\233\133\232\214\024\123\026\060\001\000L\000C\000H\000S\060\001\000T\000r\000a\000n\000s\000m\000u\000t\000a\000t\000i\000o\000n\000\040\116\016\000\040\000D\000i\000l\000a\000t\000i\000o\000n}{}% 25
\BOOKMARK [1][-]{section.6}{\376\377\145\207\163\056\116\016\136\366\117\070}{}% 26
