\BOOKMARK [1][-]{section.1}{\376\377\137\025\212\000\000:\000\040\116\316\123\237\213\355\122\060\176\337\116\000\150\106\147\266}{}% 1
\BOOKMARK [1][-]{section.2}{\376\377\000B\000l\000o\000c\000k\000-\000e\000n\000c\000o\000d\000i\000n\000g\000:\000\040\227\136\221\111\167\351\226\065\166\204\217\223\121\145\152\041\127\213}{}% 2
\BOOKMARK [2][-]{subsection.2.1}{\376\377\217\223\121\145\152\041\127\213\116\016\167\351\226\065\147\345\213\342\000\040\000o\000r\000a\000c\000l\000e}{section.2}% 3
\BOOKMARK [2][-]{subsection.2.2}{\376\377\000B\000l\000o\000c\000k\000-\000e\000n\000c\000o\000d\000i\000n\000g\000\040\166\204\133\232\116\111}{section.2}% 4
\BOOKMARK [2][-]{subsection.2.3}{\376\377\202\345\136\162\147\204\220\040}{section.2}% 5
\BOOKMARK [1][-]{section.3}{\376\377\000Q\000u\000b\000i\000t\000i\000z\000a\000t\000i\000o\000n\000:\000\040\142\212\123\315\134\004\123\330\142\020\145\313\217\154}{}% 6
\BOOKMARK [2][-]{subsection.3.1}{\376\377\150\007\221\317\124\057\123\321\000:\000\040\145\313\217\154\116\016\000\040\000C\000h\000e\000b\000y\000s\000h\000e\000v\000\040\131\032\230\171\137\017}{section.3}% 7
\BOOKMARK [2][-]{subsection.3.2}{\376\377\000H\000e\000r\000m\000i\000t\000i\000a\000n\000\040\000b\000l\000o\000c\000k\000-\000e\000n\000c\000o\000d\000i\000n\000g\000\040\166\204\000\040\000q\000u\000b\000i\000t\000i\000z\000a\000t\000i\000o\000n}{section.3}% 8
\BOOKMARK [2][-]{subsection.3.3}{\376\377\116\000\202\054\000\040\000b\000l\000o\000c\000k\000-\000e\000n\000c\000o\000d\000i\000n\000g\000\040\166\204\000\040\000q\000u\000b\000i\000t\000i\000z\000a\000t\000i\000o\000n}{section.3}% 9
\BOOKMARK [1][-]{section.4}{\376\377\000L\000C\000U\000:\000\040\176\277\140\047\176\304\124\010\166\204\221\317\133\120\133\236\163\260}{}% 10
\BOOKMARK [1][-]{section.5}{\376\377\000Q\000S\000P\000\040\116\016\000\040\000Q\000E\000T\000:\000\040\166\370\117\115\126\340\133\120\177\026\170\001\131\032\230\171\137\017}{}% 11
\BOOKMARK [2][-]{subsection.5.1}{\376\377\221\317\133\120\117\341\123\367\131\004\164\006\000:\000\040\150\007\221\317\210\150\171\072\133\232\164\006}{section.5}% 12
\BOOKMARK [2][-]{subsection.5.2}{\376\377\221\317\133\120\147\054\137\201\120\074\123\330\143\142\000\040\000\050\000Q\000E\000T\000\051}{section.5}% 13
\BOOKMARK [1][-]{section.6}{\376\377\000Q\000S\000V\000T\000:\000\040\116\000\202\054\167\351\226\065\166\204\131\107\137\002\120\074\123\330\143\142}{}% 14
\BOOKMARK [2][-]{subsection.6.1}{\376\377\136\177\116\111\167\351\226\065\121\375\145\160}{section.6}% 15
\BOOKMARK [2][-]{subsection.6.2}{\376\377\116\000\202\054\167\351\226\065\166\204\000\040\000q\000u\000b\000i\000t\000i\000z\000a\000t\000i\000o\000n\000\040\116\016\000\040\000Q\000S\000V\000T\000\040\133\232\164\006}{section.6}% 16
\BOOKMARK [2][-]{subsection.6.3}{\376\377\167\351\226\065\201\250\200\300\000:\000\040\000Q\000S\000P\000\050\001\000\000\051\000\040\116\016\000\040\000Q\000S\000V\000T\000\050\000A\000\051\000\040\166\204\173\111\116\367}{section.6}% 17
\BOOKMARK [1][-]{section.7}{\376\377\136\224\165\050}{}% 18
\BOOKMARK [2][-]{subsection.7.1}{\376\377\000H\000a\000m\000i\000l\000t\000o\000n\000i\000a\000n\000\040\152\041\142\337\000:\000\040\000J\000a\000c\000o\000b\000i\040\023\000A\000n\000g\000e\000r\000\040\134\125\137\000}{section.7}% 19
\BOOKMARK [2][-]{subsection.7.2}{\376\377\154\102\211\343\176\277\140\047\145\271\172\013\176\304\000\040\000\050\000Q\000L\000S\000P\000\051}{section.7}% 20
\BOOKMARK [2][-]{subsection.7.3}{\376\377\121\166\133\203\136\224\165\050\116\016\176\337\116\000\211\306\211\322}{section.7}% 21
